// Jest Snapshot v1, https://goo.gl/fbAQLP

exports[`Testin al cliente Es Juan Pablo 1`] = `
Object {
  "balance": 500,
  "nombre": "Juan 2",
  "tipo": "Premium",
}
`;
